------------------------------------------------------------
TimeQuest Timing Analyzer Summary
------------------------------------------------------------

Type  : Slow 1100mV 85C Model Setup 'clk'
Slack : -0.153
TNS   : -0.186

Type  : Slow 1100mV 85C Model Hold 'clk'
Slack : 0.377
TNS   : 0.000

Type  : Slow 1100mV 85C Model Minimum Pulse Width 'clk'
Slack : -0.394
TNS   : -1.046

Type  : Slow 1100mV 0C Model Setup 'clk'
Slack : -0.197
TNS   : -0.214

Type  : Slow 1100mV 0C Model Hold 'clk'
Slack : 0.391
TNS   : 0.000

Type  : Slow 1100mV 0C Model Minimum Pulse Width 'clk'
Slack : -0.394
TNS   : -1.133

Type  : Fast 1100mV 85C Model Setup 'clk'
Slack : 0.309
TNS   : 0.000

Type  : Fast 1100mV 85C Model Hold 'clk'
Slack : 0.181
TNS   : 0.000

Type  : Fast 1100mV 85C Model Minimum Pulse Width 'clk'
Slack : -0.079
TNS   : -0.157

Type  : Fast 1100mV 0C Model Setup 'clk'
Slack : 0.355
TNS   : 0.000

Type  : Fast 1100mV 0C Model Hold 'clk'
Slack : 0.172
TNS   : 0.000

Type  : Fast 1100mV 0C Model Minimum Pulse Width 'clk'
Slack : -0.078
TNS   : -0.154

------------------------------------------------------------
